[33m>[39m Building...
[32mΓêÜ[39m Building...
[1mInitial chunk files[22m  [2m | [22m[1mNames[22m                   [2m | [22m [1mRaw size[22m[2m | [22m[1mEstimated transfer size[22m
[32mchunk-AZDWGOKS.js[39m    [2m | [22m[2m-[22m                       [2m | [22m  [36m2.58 MB[39m[2m | [22m              [36m188.40 kB[39m
[32mmain-UFQIYITN.js[39m     [2m | [22m[2mmain[22m                    [2m | [22m[36m708.34 kB[39m[2m | [22m               [36m91.86 kB[39m
[32mstyles-NE3TDY2V.css[39m  [2m | [22m[2mstyles[22m                  [2m | [22m[36m532.76 kB[39m[2m | [22m               [36m50.88 kB[39m
[32mchunk-VA3X5GOC.js[39m    [2m | [22m[2m-[22m                       [2m | [22m[36m319.39 kB[39m[2m | [22m               [36m87.28 kB[39m
[32mchunk-RJ7F7KBE.js[39m    [2m | [22m[2m-[22m                       [2m | [22m [36m95.57 kB[39m[2m | [22m               [36m22.31 kB[39m
[32mchunk-LPNPNDBE.js[39m    [2m | [22m[2m-[22m                       [2m | [22m [36m92.46 kB[39m[2m | [22m               [36m19.62 kB[39m
[32mchunk-OBC3JJZW.js[39m    [2m | [22m[2m-[22m                       [2m | [22m [36m40.13 kB[39m[2m | [22m                [36m8.23 kB[39m
[32mchunk-EFJOAMK5.js[39m    [2m | [22m[2m-[22m                       [2m | [22m [36m39.11 kB[39m[2m | [22m                [36m9.02 kB[39m
[32mpolyfills-ERLYOUQC.js[39m[2m | [22m[2mpolyfills[22m               [2m | [22m [36m35.09 kB[39m[2m | [22m               [36m11.52 kB[39m
[32mscripts-B7FDYNWM.js[39m  [2m | [22m[2mscripts[22m                 [2m | [22m [36m31.59 kB[39m[2m | [22m                [36m8.76 kB[39m
[32mchunk-GKFDXCZF.js[39m    [2m | [22m[2m-[22m                       [2m | [22m [36m10.95 kB[39m[2m | [22m                [36m3.65 kB[39m
[32mchunk-3ZOQYJME.js[39m    [2m | [22m[2m-[22m                       [2m | [22m  [36m7.08 kB[39m[2m | [22m                [36m2.21 kB[39m
[32mchunk-XJTHRIFV.js[39m    [2m | [22m[2m-[22m                       [2m | [22m  [36m4.41 kB[39m[2m | [22m                [36m1.61 kB[39m
[32mchunk-NUMZQIOZ.js[39m    [2m | [22m[2m-[22m                       [2m | [22m  [36m2.68 kB[39m[2m | [22m                [36m1.12 kB[39m
[32mchunk-4FXCLERJ.js[39m    [2m | [22m[2m-[22m                       [2m | [22m  [36m1.74 kB[39m[2m | [22m              [36m758 bytes[39m
[32mchunk-GAL4ENT6.js[39m    [2m | [22m[2m-[22m                       [2m | [22m  [36m1.34 kB[39m[2m | [22m              [36m576 bytes[39m
[32mchunk-ZTUI6QB6.js[39m    [2m | [22m[2m-[22m                       [2m | [22m[36m272 bytes[39m[2m | [22m              [36m272 bytes[39m
[32mchunk-R64MMEIP.js[39m    [2m | [22m[2m-[22m                       [2m | [22m[36m145 bytes[39m[2m | [22m              [36m145 bytes[39m

[1m [22m                    [2m | [22m[1mInitial total[22m           [2m | [22m  [1m4.50 MB[22m[2m | [22m              [1m508.23 kB[22m

[1mLazy chunk files[22m     [2m | [22m[1mNames[22m                   [2m | [22m [1mRaw size[22m[2m | [22m[1mEstimated transfer size[22m
[32mchunk-JD7XVBUV.js[39m    [2m | [22m[2mdashboards-routes[22m       [2m | [22m  [36m1.08 MB[39m[2m | [22m              [36m296.38 kB[39m
[32mchunk-EB5MJTEE.js[39m    [2m | [22m[2mngx-quill-quill-Di9aaYtq[22m[2m | [22m[36m203.98 kB[39m[2m | [22m               [36m51.65 kB[39m
[32mchunk-QNO3ILBS.js[39m    [2m | [22m[2mdiagtests-routes[22m        [2m | [22m[36m141.23 kB[39m[2m | [22m               [36m17.12 kB[39m
[32mchunk-RRFFD7I7.js[39m    [2m | [22m[2mmisc-routes[22m             [2m | [22m[36m113.33 kB[39m[2m | [22m                [36m7.01 kB[39m
[32mchunk-3PIL5B5M.js[39m    [2m | [22m[2mpatients-routes[22m         [2m | [22m [36m96.86 kB[39m[2m | [22m               [36m13.88 kB[39m
[32mchunk-T57VYKEU.js[39m    [2m | [22m[2mtopbars-routes[22m          [2m | [22m [36m64.44 kB[39m[2m | [22m               [36m16.50 kB[39m
[32mchunk-Y4L4GHA3.js[39m    [2m | [22m[2mscanning-routes[22m         [2m | [22m [36m39.38 kB[39m[2m | [22m                [36m5.33 kB[39m
[32mchunk-HZPXKTXM.js[39m    [2m | [22m[2mbilling-routes[22m          [2m | [22m [36m35.22 kB[39m[2m | [22m                [36m5.50 kB[39m
[32mchunk-4NE3ZPAE.js[39m    [2m | [22m[2mversion2-route[22m          [2m | [22m [36m26.83 kB[39m[2m | [22m                [36m3.28 kB[39m
[32mchunk-5HR4P3NS.js[39m    [2m | [22m[2mversion3-route[22m          [2m | [22m [36m24.54 kB[39m[2m | [22m                [36m3.01 kB[39m
[32mchunk-AHMDK62P.js[39m    [2m | [22m[2mpatient-routes[22m          [2m | [22m [36m23.53 kB[39m[2m | [22m                [36m4.60 kB[39m
[32mchunk-U6HFAZJJ.js[39m    [2m | [22m[2mversion1-route[22m          [2m | [22m [36m21.83 kB[39m[2m | [22m                [36m2.96 kB[39m
[32mchunk-U7UXCYK7.js[39m    [2m | [22m[2mstaffview[22m               [2m | [22m [36m21.73 kB[39m[2m | [22m                [36m3.97 kB[39m
[32mchunk-P7CS5KUE.js[39m    [2m | [22m[2mstaffadd[22m                [2m | [22m [36m21.38 kB[39m[2m | [22m                [36m3.97 kB[39m
[32mchunk-ZHRPEKPX.js[39m    [2m | [22m[2mstaffedit[22m               [2m | [22m [36m21.19 kB[39m[2m | [22m                [36m3.95 kB[39m
[2m...and 77 more lazy chunks files. Use "--verbose" to show all the files.[22m

Application bundle generation complete. [279.453 seconds] - 2026-05-19T11:42:34.929Z

node.exe : [1m[33m[33mΓû▓ [43;33m[[43;30mWARNING[43;33m][0m [1mNG8113: All imports are unused[0m 
[1m[35m[plugin angular-compiler][0m
At line:1 char:1
+ & "C:\Program Files\nodejs/node.exe" "C:\Program Files\nodejs/node_mo ...
+ ~~~~~~~~~~~~~~~~~~~~~~~~~~~~~~~~~~~~~~~~~~~~~~~~~~~~~~~~~~~~~~~~~~~~~
    + CategoryInfo          : NotSpecified: ([1m[33m[33mΓ...r-compiler][0m:String) [], RemoteException
    + FullyQualifiedErrorId : NativeCommandError
 

    src/app/layouts/components/topbar/components/mega-menu/mega-menu.component.ts:17:4:
[37m      17 Γöé     [32mimports[37m: [RouterLink, NgIcon, NgbDropdown, NgbDropdownToggle, ...
         Γò╡     [32m~~~~~~~[0m


[33mΓû▓ [43;33m[[43;30mWARNING[43;33m][0m [1mNG8113: RouterLink is not used within the template of 
TopbarComponent[0m [1m[35m[plugin angular-compiler][0m

    src/app/layouts/components/topbar/topbar.component.ts:28:4:
[37m      28 Γöé     [32mRouterLink[37m,
         Γò╡     [32m~~~~~~~~~~[0m


[33mΓû▓ [43;33m[[43;30mWARNING[43;33m][0m [1mNG8113: NgbdSortableHeader is not used within the template of 
Bank[0m [1m[35m[plugin angular-compiler][0m

    src/app/pages/masters/Misc/Bank/bank/bank.ts:28:8:
[37m      28 Γöé         [32mNgbdSortableHeader[37m,
         Γò╡         [32m~~~~~~~~~~~~~~~~~~[0m


[33mΓû▓ [43;33m[[43;30mWARNING[43;33m][0m [1mNG8113: NgIcon is not used within the template of BankAdd[0m 
[1m[35m[plugin angular-compiler][0m

    src/app/pages/masters/Misc/Bank/bankadd/bankadd.ts:12:26:
[37m      12 Γöé   imports: [CommonModule, [32mNgIcon[37m, RouterLink, FormsModule, PageTit...
         Γò╡                           [32m~~~~~~[0m


[33mΓû▓ [43;33m[[43;30mWARNING[43;33m][0m [1mNG8113: NgIcon is not used within the template of BankEdit[0m 
[1m[35m[plugin angular-compiler][0m

    src/app/pages/masters/Misc/Bank/bankedit/bankedit.ts:12:26:
[37m      12 Γöé   imports: [CommonModule, [32mNgIcon[37m, RouterLink, FormsModule, PageTit...
         Γò╡                           [32m~~~~~~[0m


[33mΓû▓ [43;33m[[43;30mWARNING[43;33m][0m [1mNG8113: RatingComponent is not used within the template of City[0m 
[1m[35m[plugin angular-compiler][0m

    src/app/pages/masters/Misc/City/city/city.ts:35:8:
[37m      35 Γöé         [32mRatingComponent[37m,
         Γò╡         [32m~~~~~~~~~~~~~~~[0m


[33mΓû▓ [43;33m[[43;30mWARNING[43;33m][0m [1mNG8113: NgbdSortableHeader is not used within the template of 
City[0m [1m[35m[plugin angular-compiler][0m

    src/app/pages/masters/Misc/City/city/city.ts:38:8:
[37m      38 Γöé         [32mNgbdSortableHeader[37m,
         Γò╡         [32m~~~~~~~~~~~~~~~~~~[0m


[33mΓû▓ [43;33m[[43;30mWARNING[43;33m][0m [1mNG8113: NgIcon is not used within the template of CityAdd[0m 
[1m[35m[plugin angular-compiler][0m

    src/app/pages/masters/Misc/City/cityadd/cityadd.ts:12:26:
[37m      12 Γöé   imports: [CommonModule, [32mNgIcon[37m, RouterLink, FormsModule, PageTit...
         Γò╡                           [32m~~~~~~[0m


[33mΓû▓ [43;33m[[43;30mWARNING[43;33m][0m [1mNG8113: NgIcon is not used within the template of CityEdit[0m 
[1m[35m[plugin angular-compiler][0m

    src/app/pages/masters/Misc/City/cityedit/cityedit.ts:12:26:
[37m      12 Γöé   imports: [CommonModule, [32mNgIcon[37m, RouterLink, FormsModule, PageTit...
         Γò╡                           [32m~~~~~~[0m


[33mΓû▓ [43;33m[[43;30mWARNING[43;33m][0m [1mNG8113: NgbdSortableHeader is not used within the template of 
Country[0m [1m[35m[plugin angular-compiler][0m

    src/app/pages/masters/Misc/Country/country/country.ts:28:8:
[37m      28 Γöé         [32mNgbdSortableHeader[37m,
         Γò╡         [32m~~~~~~~~~~~~~~~~~~[0m


[33mΓû▓ [43;33m[[43;30mWARNING[43;33m][0m [1mNG8113: NgIcon is not used within the template of CountryAdd[0m 
[1m[35m[plugin angular-compiler][0m

    src/app/pages/masters/Misc/Country/countryadd/countryadd.ts:12:26:
[37m      12 Γöé   imports: [CommonModule, [32mNgIcon[37m, RouterLink, FormsModule, PageTit...
         Γò╡                           [32m~~~~~~[0m


[33mΓû▓ [43;33m[[43;30mWARNING[43;33m][0m [1mNG8113: NgIcon is not used within the template of CountryEdit[0m 
[1m[35m[plugin angular-compiler][0m

    src/app/pages/masters/Misc/Country/countryedit/countryedit.ts:12:26:
[37m      12 Γöé   imports: [CommonModule, [32mNgIcon[37m, RouterLink, FormsModule, PageTit...
         Γò╡                           [32m~~~~~~[0m


[33mΓû▓ [43;33m[[43;30mWARNING[43;33m][0m [1mNG8113: NgbdSortableHeader is not used within the template of 
District[0m [1m[35m[plugin angular-compiler][0m

    src/app/pages/masters/Misc/District/district/district.ts:28:8:
[37m      28 Γöé         [32mNgbdSortableHeader[37m,
         Γò╡         [32m~~~~~~~~~~~~~~~~~~[0m


[33mΓû▓ [43;33m[[43;30mWARNING[43;33m][0m [1mNG8113: NgIcon is not used within the template of DistrictAdd[0m 
[1m[35m[plugin angular-compiler][0m

    src/app/pages/masters/Misc/District/districtadd/districtadd.ts:12:26:
[37m      12 Γöé   imports: [CommonModule, [32mNgIcon[37m, RouterLink, FormsModule, PageTit...
         Γò╡                           [32m~~~~~~[0m


[33mΓû▓ [43;33m[[43;30mWARNING[43;33m][0m [1mNG8113: NgIcon is not used within the template of DistrictEdit[0m 
[1m[35m[plugin angular-compiler][0m

    src/app/pages/masters/Misc/District/districtedit/districtedit.ts:12:26:
[37m      12 Γöé   imports: [CommonModule, [32mNgIcon[37m, RouterLink, FormsModule, PageTit...
         Γò╡                           [32m~~~~~~[0m


[33mΓû▓ [43;33m[[43;30mWARNING[43;33m][0m [1mNG8113: NgbdSortableHeader is not used within the template of 
InsuranceProvider[0m [1m[35m[plugin angular-compiler][0m

    src/app/pages/masters/Misc/InsuranceProvider/insuranceprovider/insuranceprovider.ts:28:8:
[37m      28 Γöé         [32mNgbdSortableHeader[37m,
         Γò╡         [32m~~~~~~~~~~~~~~~~~~[0m


[33mΓû▓ [43;33m[[43;30mWARNING[43;33m][0m [1mNG8113: NgIcon is not used within the template of 
InsuranceProviderAdd[0m [1m[35m[plugin angular-compiler][0m

    src/app/pages/masters/Misc/InsuranceProvider/insuranceprovideradd/insuranceprovideradd.ts:12:26:
[37m      12 Γöé   imports: [CommonModule, [32mNgIcon[37m, RouterLink, FormsModule, PageTit...
         Γò╡                           [32m~~~~~~[0m


[33mΓû▓ [43;33m[[43;30mWARNING[43;33m][0m [1mNG8113: NgIcon is not used within the template of 
InsuranceProviderEdit[0m [1m[35m[plugin angular-compiler][0m

    src/app/pages/masters/Misc/InsuranceProvider/insuranceprovideredit/insuranceprovideredit.ts:12:26:
[37m      12 Γöé   imports: [CommonModule, [32mNgIcon[37m, RouterLink, FormsModule, PageTit...
         Γò╡                           [32m~~~~~~[0m


[33mΓû▓ [43;33m[[43;30mWARNING[43;33m][0m [1mNG8113: NgbdSortableHeader is not used within the template of 
PostalCode[0m [1m[35m[plugin angular-compiler][0m

    src/app/pages/masters/Misc/PostalCode/postalcode/postalcode.ts:28:8:
[37m      28 Γöé         [32mNgbdSortableHeader[37m,
         Γò╡         [32m~~~~~~~~~~~~~~~~~~[0m


[33mΓû▓ [43;33m[[43;30mWARNING[43;33m][0m [1mNG8113: NgIcon is not used within the template of PostalCodeAdd[0m 
[1m[35m[plugin angular-compiler][0m

    src/app/pages/masters/Misc/PostalCode/postalcodeadd/postalcodeadd.ts:12:26:
[37m      12 Γöé   imports: [CommonModule, [32mNgIcon[37m, RouterLink, FormsModule, PageTit...
         Γò╡                           [32m~~~~~~[0m


[33mΓû▓ [43;33m[[43;30mWARNING[43;33m][0m [1mNG8113: NgIcon is not used within the template of 
PostalCodeEdit[0m [1m[35m[plugin angular-compiler][0m

    src/app/pages/masters/Misc/PostalCode/postalcodeedit/postalcodeedit.ts:12:26:
[37m      12 Γöé   imports: [CommonModule, [32mNgIcon[37m, RouterLink, FormsModule, PageTit...
         Γò╡                           [32m~~~~~~[0m


[33mΓû▓ [43;33m[[43;30mWARNING[43;33m][0m [1mNG8113: NgbdSortableHeader is not used within the template of 
State[0m [1m[35m[plugin angular-compiler][0m

    src/app/pages/masters/Misc/State/state/state.ts:28:8:
[37m      28 Γöé         [32mNgbdSortableHeader[37m,
         Γò╡         [32m~~~~~~~~~~~~~~~~~~[0m


[33mΓû▓ [43;33m[[43;30mWARNING[43;33m][0m [1mNG8113: NgIcon is not used within the template of StateAdd[0m 
[1m[35m[plugin angular-compiler][0m

    src/app/pages/masters/Misc/State/stateadd/stateadd.ts:12:26:
[37m      12 Γöé   imports: [CommonModule, [32mNgIcon[37m, RouterLink, FormsModule, PageTit...
         Γò╡                           [32m~~~~~~[0m


[33mΓû▓ [43;33m[[43;30mWARNING[43;33m][0m [1mNG8113: NgIcon is not used within the template of StateEdit[0m 
[1m[35m[plugin angular-compiler][0m

    src/app/pages/masters/Misc/State/stateedit/stateedit.ts:12:26:
[37m      12 Γöé   imports: [CommonModule, [32mNgIcon[37m, RouterLink, FormsModule, PageTit...
         Γò╡                           [32m~~~~~~[0m


[33mΓû▓ [43;33m[[43;30mWARNING[43;33m][0m [1mNG8113: RatingComponent is not used within the template of 
BillDomain[0m [1m[35m[plugin angular-compiler][0m

    src/app/pages/masters/billing/components/billdomain/billdomain.ts:34:4:
[37m      34 Γöé     [32mRatingComponent[37m,
         Γò╡     [32m~~~~~~~~~~~~~~~[0m


[33mΓû▓ [43;33m[[43;30mWARNING[43;33m][0m [1mNG8113: NgbdSortableHeader is not used within the template of 
BillDomain[0m [1m[35m[plugin angular-compiler][0m

    src/app/pages/masters/billing/components/billdomain/billdomain.ts:37:4:
[37m      37 Γöé     [32mNgbdSortableHeader[37m,
         Γò╡     [32m~~~~~~~~~~~~~~~~~~[0m


[33mΓû▓ [43;33m[[43;30mWARNING[43;33m][0m [1mNG8113: NgIcon is not used within the template of BillDomainAdd[0m 
[1m[35m[plugin angular-compiler][0m

    src/app/pages/masters/billing/components/billdomainadd/billdomainadd.ts:12:28:
[37m      12 Γöé     imports: [CommonModule, [32mNgIcon[37m, RouterLink, FormsModule, PageT...
         Γò╡                             [32m~~~~~~[0m


[33mΓû▓ [43;33m[[43;30mWARNING[43;33m][0m [1mNG8113: NgIcon is not used within the template of 
BillDomainEdit[0m [1m[35m[plugin angular-compiler][0m

    src/app/pages/masters/billing/components/billdomainedit/billdomainedit.ts:12:28:
[37m      12 Γöé     imports: [CommonModule, [32mNgIcon[37m, RouterLink, FormsModule, PageT...
         Γò╡                             [32m~~~~~~[0m


[33mΓû▓ [43;33m[[43;30mWARNING[43;33m][0m [1mNG8113: NgbdSortableHeader is not used within the template of 
BillItem[0m [1m[35m[plugin angular-compiler][0m

    src/app/pages/masters/billing/components/billitem/billitem.ts:31:4:
[37m      31 Γöé     [32mNgbdSortableHeader[37m,
         Γò╡     [32m~~~~~~~~~~~~~~~~~~[0m


[33mΓû▓ [43;33m[[43;30mWARNING[43;33m][0m [1mNG8113: NgIcon is not used within the template of BillItemAdd[0m 
[1m[35m[plugin angular-compiler][0m

    src/app/pages/masters/billing/components/billitemadd/billitemadd.ts:12:28:
[37m      12 Γöé     imports: [CommonModule, [32mNgIcon[37m, RouterLink, FormsModule, PageT...
         Γò╡                             [32m~~~~~~[0m


[33mΓû▓ [43;33m[[43;30mWARNING[43;33m][0m [1mNG8113: NgIcon is not used within the template of SurgeryAdd[0m 
[1m[35m[plugin angular-compiler][0m

    src/app/pages/masters/clinical/components/surgeryadd/surgeryadd.ts:15:26:
[37m      15 Γöé   imports: [CommonModule, [32mNgIcon[37m, RouterLink, FormsModule, PageTit...
         Γò╡                           [32m~~~~~~[0m


[33mΓû▓ [43;33m[[43;30mWARNING[43;33m][0m [1mNG8113: RouterLink is not used within the template of 
SurgeryAdd[0m [1m[35m[plugin angular-compiler][0m

    src/app/pages/masters/clinical/components/surgeryadd/surgeryadd.ts:15:34:
[37m      15 Γöé ...ts: [CommonModule, NgIcon, [32mRouterLink[37m, FormsModule, PageTitleCo...
         Γò╡                               [32m~~~~~~~~~~[0m


[33mΓû▓ [43;33m[[43;30mWARNING[43;33m][0m [1mNG8113: NgIcon is not used within the template of SurgeryEdit[0m 
[1m[35m[plugin angular-compiler][0m

    src/app/pages/masters/clinical/components/surgeryedit/surgeryedit.ts:15:26:
[37m      15 Γöé   imports: [CommonModule, [32mNgIcon[37m, RouterLink, FormsModule, PageTit...
         Γò╡                           [32m~~~~~~[0m


[33mΓû▓ [43;33m[[43;30mWARNING[43;33m][0m [1mNG8113: RouterLink is not used within the template of 
SurgeryEdit[0m [1m[35m[plugin angular-compiler][0m

    src/app/pages/masters/clinical/components/surgeryedit/surgeryedit.ts:15:34:
[37m      15 Γöé ...ts: [CommonModule, NgIcon, [32mRouterLink[37m, FormsModule, PageTitleCo...
         Γò╡                               [32m~~~~~~~~~~[0m


[33mΓû▓ [43;33m[[43;30mWARNING[43;33m][0m [1mNG8113: NgIcon is not used within the template of DepartmentAdd[0m 
[1m[35m[plugin angular-compiler][0m

    src/app/pages/masters/departments/components/departmentadd/departmentadd.ts:14:26:
[37m      14 Γöé   imports: [CommonModule, [32mNgIcon[37m, RouterLink, FormsModule, PageTit...
         Γò╡                           [32m~~~~~~[0m


[33mΓû▓ [43;33m[[43;30mWARNING[43;33m][0m [1mNG8113: NgIcon is not used within the template of 
DepartmentEdit[0m [1m[35m[plugin angular-compiler][0m

    src/app/pages/masters/departments/components/departmentedit/departmentedit.ts:14:26:
[37m      14 Γöé   imports: [CommonModule, [32mNgIcon[37m, RouterLink, FormsModule, PageTit...
         Γò╡                           [32m~~~~~~[0m


[33mΓû▓ [43;33m[[43;30mWARNING[43;33m][0m [1mNG8113: NgIcon is not used within the template of DiagGroupEdit[0m 
[1m[35m[plugin angular-compiler][0m

    src/app/pages/masters/diagtests/components/diaggroupedit/diaggroupedit.ts:14:26:
[37m      14 Γöé   imports: [CommonModule, [32mNgIcon[37m, RouterLink, FormsModule, PageTit...
         Γò╡                           [32m~~~~~~[0m


[33mΓû▓ [43;33m[[43;30mWARNING[43;33m][0m [1mNG8113: RouterLink is not used within the template of 
DiagGroupEdit[0m [1m[35m[plugin angular-compiler][0m

    src/app/pages/masters/diagtests/components/diaggroupedit/diaggroupedit.ts:14:34:
[37m      14 Γöé ...ts: [CommonModule, NgIcon, [32mRouterLink[37m, FormsModule, PageTitleCo...
         Γò╡                               [32m~~~~~~~~~~[0m


[33mΓû▓ [43;33m[[43;30mWARNING[43;33m][0m [1mNG8113: RatingComponent is not used within the template of 
DiagTest[0m [1m[35m[plugin angular-compiler][0m

    src/app/pages/masters/diagtests/components/diagtest/diagtest.ts:35:8:
[37m      35 Γöé         [32mRatingComponent[37m,
         Γò╡         [32m~~~~~~~~~~~~~~~[0m


[33mΓû▓ [43;33m[[43;30mWARNING[43;33m][0m [1mNG8113: NgbdSortableHeader is not used within the template of 
DiagTest[0m [1m[35m[plugin angular-compiler][0m

    src/app/pages/masters/diagtests/components/diagtest/diagtest.ts:38:8:
[37m      38 Γöé         [32mNgbdSortableHeader[37m,
         Γò╡         [32m~~~~~~~~~~~~~~~~~~[0m


[33mΓû▓ [43;33m[[43;30mWARNING[43;33m][0m [1mNG8113: NgIcon is not used within the template of DiagTestAdd[0m 
[1m[35m[plugin angular-compiler][0m

    src/app/pages/masters/diagtests/components/diagtestadd/diagtestadd.ts:14:28:
[37m      14 Γöé     imports: [CommonModule, [32mNgIcon[37m,RouterLink,CountUpModule,FormsM...
         Γò╡                             [32m~~~~~~[0m


[33mΓû▓ [43;33m[[43;30mWARNING[43;33m][0m [1mNG8113: RouterLink is not used within the template of 
DiagTestAdd[0m [1m[35m[plugin angular-compiler][0m

    src/app/pages/masters/diagtests/components/diagtestadd/diagtestadd.ts:14:35:
[37m      14 Γöé ...rts: [CommonModule, NgIcon,[32mRouterLink[37m,CountUpModule,FormsModule...
         Γò╡                               [32m~~~~~~~~~~[0m


[33mΓû▓ [43;33m[[43;30mWARNING[43;33m][0m [1mNG8113: NgxDaterangepickerBootstrapDirective is not used within the 
template of DiagTestAdd[0m [1m[35m[plugin angular-compiler][0m

    src/app/pages/masters/diagtests/components/diagtestadd/diagtestadd.ts:14:73:
[37m      14 Γöé ...,FormsModule, [32mNgxDaterangepickerBootstrapDirective[37m, PageTitleCo...
         Γò╡                  [32m~~~~~~~~~~~~~~~~~~~~~~~~~~~~~~~~~~~~[0m


[33mΓû▓ [43;33m[[43;30mWARNING[43;33m][0m [1mNG8113: NgIcon is not used within the template of DiagTestEdit[0m 
[1m[35m[plugin angular-compiler][0m

    src/app/pages/masters/diagtests/components/diagtestedit/diagtestedit.ts:14:28:
[37m      14 Γöé     imports: [CommonModule, [32mNgIcon[37m,RouterLink,CountUpModule,FormsM...
         Γò╡                             [32m~~~~~~[0m


[33mΓû▓ [43;33m[[43;30mWARNING[43;33m][0m [1mNG8113: RouterLink is not used within the template of 
DiagTestEdit[0m [1m[35m[plugin angular-compiler][0m

    src/app/pages/masters/diagtests/components/diagtestedit/diagtestedit.ts:14:35:
[37m      14 Γöé ...rts: [CommonModule, NgIcon,[32mRouterLink[37m,CountUpModule,FormsModule...
         Γò╡                               [32m~~~~~~~~~~[0m


[33mΓû▓ [43;33m[[43;30mWARNING[43;33m][0m [1mNG8113: NgxDaterangepickerBootstrapDirective is not used within the 
template of DiagTestEdit[0m [1m[35m[plugin angular-compiler][0m

    src/app/pages/masters/diagtests/components/diagtestedit/diagtestedit.ts:14:73:
[37m      14 Γöé ...,FormsModule, [32mNgxDaterangepickerBootstrapDirective[37m, PageTitleCo...
         Γò╡                  [32m~~~~~~~~~~~~~~~~~~~~~~~~~~~~~~~~~~~~[0m


[33mΓû▓ [43;33m[[43;30mWARNING[43;33m][0m [1mNG8113: NgIcon is not used within the template of InstrumentAdd[0m 
[1m[35m[plugin angular-compiler][0m

    src/app/pages/masters/diagtests/components/instrumentadd/instrumentadd.ts:15:26:
[37m      15 Γöé   imports: [CommonModule, [32mNgIcon[37m, RouterLink, FormsModule, PageTit...
         Γò╡                           [32m~~~~~~[0m


[33mΓû▓ [43;33m[[43;30mWARNING[43;33m][0m [1mNG8113: RouterLink is not used within the template of 
InstrumentAdd[0m [1m[35m[plugin angular-compiler][0m

    src/app/pages/masters/diagtests/components/instrumentadd/instrumentadd.ts:15:34:
[37m      15 Γöé ...ts: [CommonModule, NgIcon, [32mRouterLink[37m, FormsModule, PageTitleCo...
         Γò╡                               [32m~~~~~~~~~~[0m


[33mΓû▓ [43;33m[[43;30mWARNING[43;33m][0m [1mNG8113: NgIcon is not used within the template of 
InstrumentEdit[0m [1m[35m[plugin angular-compiler][0m

    src/app/pages/masters/diagtests/components/instrumentedit/instrumentedit.ts:15:26:
[37m      15 Γöé   imports: [CommonModule, [32mNgIcon[37m, RouterLink, FormsModule, PageTit...
         Γò╡                           [32m~~~~~~[0m


[33mΓû▓ [43;33m[[43;30mWARNING[43;33m][0m [1mNG8113: RouterLink is not used within the template of 
InstrumentEdit[0m [1m[35m[plugin angular-compiler][0m

    src/app/pages/masters/diagtests/components/instrumentedit/instrumentedit.ts:15:34:
[37m      15 Γöé ...ts: [CommonModule, NgIcon, [32mRouterLink[37m, FormsModule, PageTitleCo...
         Γò╡                               [32m~~~~~~~~~~[0m


[33mΓû▓ [43;33m[[43;30mWARNING[43;33m][0m [1mNG8113: NgIcon is not used within the template of SampleAdd[0m 
[1m[35m[plugin angular-compiler][0m

    src/app/pages/masters/diagtests/components/sampleadd/sampleadd.ts:12:26:
[37m      12 Γöé   imports: [CommonModule, [32mNgIcon[37m, RouterLink, FormsModule, PageTit...
         Γò╡                           [32m~~~~~~[0m


[33mΓû▓ [43;33m[[43;30mWARNING[43;33m][0m [1mNG8113: NgIcon is not used within the template of SampleEdit[0m 
[1m[35m[plugin angular-compiler][0m

    src/app/pages/masters/diagtests/components/sampleedit/sampleedit.ts:11:26:
[37m      11 Γöé   imports: [CommonModule, [32mNgIcon[37m, RouterLink, FormsModule, PageTit...
         Γò╡                           [32m~~~~~~[0m


[33mΓû▓ [43;33m[[43;30mWARNING[43;33m][0m [1mNG8113: RatingComponent is not used within the template of 
Sample[0m [1m[35m[plugin angular-compiler][0m

    src/app/pages/masters/diagtests/components/samples/sample.ts:35:8:
[37m      35 Γöé         [32mRatingComponent[37m,
         Γò╡         [32m~~~~~~~~~~~~~~~[0m


[33mΓû▓ [43;33m[[43;30mWARNING[43;33m][0m [1mNG8113: NgbdSortableHeader is not used within the template of 
Sample[0m [1m[35m[plugin angular-compiler][0m

    src/app/pages/masters/diagtests/components/samples/sample.ts:38:8:
[37m      38 Γöé         [32mNgbdSortableHeader[37m,
         Γò╡         [32m~~~~~~~~~~~~~~~~~~[0m


[33mΓû▓ [43;33m[[43;30mWARNING[43;33m][0m [1mNG8113: RouterLink is not used within the template of 
TestTemplateAdd[0m [1m[35m[plugin angular-compiler][0m

    src/app/pages/masters/diagtests/components/testtemplateadd/testtemplateadd.ts:18:4:
[37m      18 Γöé     [32mRouterLink[37m,
         Γò╡     [32m~~~~~~~~~~[0m


[33mΓû▓ [43;33m[[43;30mWARNING[43;33m][0m [1mNG8113: RouterLink is not used within the template of 
TestTemplateEdit[0m [1m[35m[plugin angular-compiler][0m

    src/app/pages/masters/diagtests/components/testtemplateedit/testtemplateedit.ts:18:4:
[37m      18 Γöé     [32mRouterLink[37m,
         Γò╡     [32m~~~~~~~~~~[0m


[33mΓû▓ [43;33m[[43;30mWARNING[43;33m][0m [1mNG8113: NgIcon is not used within the template of UnitEdit[0m 
[1m[35m[plugin angular-compiler][0m

    src/app/pages/masters/diagtests/components/unitedit/unitedit.ts:16:26:
[37m      16 Γöé   imports: [CommonModule, [32mNgIcon[37m, RouterLink, FormsModule, PageTit...
         Γò╡                           [32m~~~~~~[0m


[33mΓû▓ [43;33m[[43;30mWARNING[43;33m][0m [1mNG8113: RouterLink is not used within the template of UnitEdit[0m 
[1m[35m[plugin angular-compiler][0m

    src/app/pages/masters/diagtests/components/unitedit/unitedit.ts:16:34:
[37m      16 Γöé ...ts: [CommonModule, NgIcon, [32mRouterLink[37m, FormsModule, PageTitleCo...
         Γò╡                               [32m~~~~~~~~~~[0m


[33mΓû▓ [43;33m[[43;30mWARNING[43;33m][0m [1mNG8113: PageTitleComponent is not used within the template of 
UnitEdit[0m [1m[35m[plugin angular-compiler][0m

    src/app/pages/masters/diagtests/components/unitedit/unitedit.ts:16:59:
[37m      16 Γöé ...RouterLink, FormsModule, [32mPageTitleComponent[37m, LucideAngularModule],
         Γò╡                             [32m~~~~~~~~~~~~~~~~~~[0m


[33mΓû▓ [43;33m[[43;30mWARNING[43;33m][0m [1mNG8113: NgIcon is not used within the template of FloorAdd[0m 
[1m[35m[plugin angular-compiler][0m

    src/app/pages/masters/hospital/components/flooradd/flooradd.ts:15:26:
[37m      15 Γöé   imports: [CommonModule, [32mNgIcon[37m, RouterLink, FormsModule, PageTit...
         Γò╡                           [32m~~~~~~[0m


[33mΓû▓ [43;33m[[43;30mWARNING[43;33m][0m [1mNG8113: NgIcon is not used within the template of FloorEdit[0m 
[1m[35m[plugin angular-compiler][0m

    src/app/pages/masters/hospital/components/flooredit/flooredit.ts:15:26:
[37m      15 Γöé   imports: [CommonModule, [32mNgIcon[37m, RouterLink, FormsModule, PageTit...
         Γò╡                           [32m~~~~~~[0m


[33mΓû▓ [43;33m[[43;30mWARNING[43;33m][0m [1mNG8113: NgIcon is not used within the template of FloorView[0m 
[1m[35m[plugin angular-compiler][0m

    src/app/pages/masters/hospital/components/floorview/floorview.ts:16:26:
[37m      16 Γöé   imports: [CommonModule, [32mNgIcon[37m, RouterLink, FormsModule, PageTit...
         Γò╡                           [32m~~~~~~[0m


[33mΓû▓ [43;33m[[43;30mWARNING[43;33m][0m [1mNG8113: NgIcon is not used within the template of 
HospitalBuildingAdd[0m [1m[35m[plugin angular-compiler][0m

    src/app/pages/masters/hospital/components/hospitalbuildingadd/hospitalbuildingadd.ts:12:26:
[37m      12 Γöé   imports: [CommonModule, [32mNgIcon[37m, RouterLink, FormsModule, PageTit...
         Γò╡                           [32m~~~~~~[0m


[33mΓû▓ [43;33m[[43;30mWARNING[43;33m][0m [1mNG8113: NgIcon is not used within the template of 
HospitalBuildingEdit[0m [1m[35m[plugin angular-compiler][0m

    src/app/pages/masters/hospital/components/hospitalbuildingedit/hospitalbuildingedit.ts:14:26:
[37m      14 Γöé   imports: [CommonModule, [32mNgIcon[37m, RouterLink, FormsModule, PageTit...
         Γò╡                           [32m~~~~~~[0m


[33mΓû▓ [43;33m[[43;30mWARNING[43;33m][0m [1mNG8113: NgIcon is not used within the template of 
HospitalBuildingView[0m [1m[35m[plugin angular-compiler][0m

    src/app/pages/masters/hospital/components/hospitalbuildingview/hospitalbuildingview.ts:15:26:
[37m      15 Γöé   imports: [CommonModule, [32mNgIcon[37m, RouterLink, FormsModule, PageTit...
         Γò╡                           [32m~~~~~~[0m


[33mΓû▓ [43;33m[[43;30mWARNING[43;33m][0m [1mNG8113: NgIcon is not used within the template of WardAdd[0m 
[1m[35m[plugin angular-compiler][0m

    src/app/pages/masters/hospital/components/wardadd/wardadd.ts:17:26:
[37m      17 Γöé   imports: [CommonModule, [32mNgIcon[37m, RouterLink, FormsModule, PageTit...
         Γò╡                           [32m~~~~~~[0m


[33mΓû▓ [43;33m[[43;30mWARNING[43;33m][0m [1mNG8113: NgIcon is not used within the template of WardBedAdd[0m 
[1m[35m[plugin angular-compiler][0m

    src/app/pages/masters/hospital/components/wardbedadd/wardbedadd.ts:14:26:
[37m      14 Γöé   imports: [CommonModule, [32mNgIcon[37m, RouterLink, FormsModule, PageTit...
         Γò╡                           [32m~~~~~~[0m


[33mΓû▓ [43;33m[[43;30mWARNING[43;33m][0m [1mNG8113: NgIcon is not used within the template of WardBedEdit[0m 
[1m[35m[plugin angular-compiler][0m

    src/app/pages/masters/hospital/components/wardbededit/wardbededit.ts:15:26:
[37m      15 Γöé   imports: [CommonModule, [32mNgIcon[37m, RouterLink, FormsModule, PageTit...
         Γò╡                           [32m~~~~~~[0m


[33mΓû▓ [43;33m[[43;30mWARNING[43;33m][0m [1mNG8113: NgIcon is not used within the template of WardBedView[0m 
[1m[35m[plugin angular-compiler][0m

    src/app/pages/masters/hospital/components/wardbedview/wardbedview.ts:16:26:
[37m      16 Γöé   imports: [CommonModule, [32mNgIcon[37m, RouterLink, FormsModule, PageTit...
         Γò╡                           [32m~~~~~~[0m


[33mΓû▓ [43;33m[[43;30mWARNING[43;33m][0m [1mNG8113: NgbPaginationNext is not used within the template of 
DoctorPriceList[0m [1m[35m[plugin angular-compiler][0m

    src/app/pages/masters/inpatient/doctorpricelist/doctorpricelist.ts:24:4:
[37m      24 Γöé     [32mNgbPaginationNext[37m,
         Γò╡     [32m~~~~~~~~~~~~~~~~~[0m


[33mΓû▓ [43;33m[[43;30mWARNING[43;33m][0m [1mNG8113: NgbPaginationPrevious is not used within the template of 
DoctorPriceList[0m [1m[35m[plugin angular-compiler][0m

    src/app/pages/masters/inpatient/doctorpricelist/doctorpricelist.ts:25:4:
[37m      25 Γöé     [32mNgbPaginationPrevious[37m,
         Γò╡     [32m~~~~~~~~~~~~~~~~~~~~~[0m


[33mΓû▓ [43;33m[[43;30mWARNING[43;33m][0m [1mNG8113: RouterLink is not used within the template of 
PharmacyAdd[0m [1m[35m[plugin angular-compiler][0m

    src/app/pages/masters/pharmacy/components/pharmacyadd/pharmacyadd.ts:15:39:
[37m      15 Γöé ...CommonModule, FormsModule, [32mRouterLink[37m, PageTitleComponent, Luci...
         Γò╡                               [32m~~~~~~~~~~[0m


[33mΓû▓ [43;33m[[43;30mWARNING[43;33m][0m [1mNG8113: RouterLink is not used within the template of 
PharmacyEdit[0m [1m[35m[plugin angular-compiler][0m

    src/app/pages/masters/pharmacy/components/pharmacyedit/pharmacyedit.ts:15:39:
[37m      15 Γöé ...CommonModule, FormsModule, [32mRouterLink[37m, PageTitleComponent, Luci...
         Γò╡                               [32m~~~~~~~~~~[0m


[33mΓû▓ [43;33m[[43;30mWARNING[43;33m][0m [1mModule 'dayjs' used by 
'node_modules/ngx-daterangepicker-bootstrap/fesm2022/ngx-daterangepicker-bootstrap.mjs' is not ESM[0m

  CommonJS or AMD dependencies can cause optimization bailouts.
  For more information see: [4mhttps://angular.dev/tools/cli/build#configuring-commonjs-dependencies[0m


[33mΓû▓ [43;33m[[43;30mWARNING[43;33m][0m [1mModule 'dayjs/plugin/localeData' used by 
'node_modules/ngx-daterangepicker-bootstrap/fesm2022/ngx-daterangepicker-bootstrap.mjs' is not ESM[0m

  CommonJS or AMD dependencies can cause optimization bailouts.
  For more information see: [4mhttps://angular.dev/tools/cli/build#configuring-commonjs-dependencies[0m


[33mΓû▓ [43;33m[[43;30mWARNING[43;33m][0m [1mModule 'dayjs/plugin/localizedFormat' used by 
'node_modules/ngx-daterangepicker-bootstrap/fesm2022/ngx-daterangepicker-bootstrap.mjs' is not ESM[0m

  CommonJS or AMD dependencies can cause optimization bailouts.
  For more information see: [4mhttps://angular.dev/tools/cli/build#configuring-commonjs-dependencies[0m


[33mΓû▓ [43;33m[[43;30mWARNING[43;33m][0m [1mModule 'dayjs/plugin/isoWeek' used by 
'node_modules/ngx-daterangepicker-bootstrap/fesm2022/ngx-daterangepicker-bootstrap.mjs' is not ESM[0m

  CommonJS or AMD dependencies can cause optimization bailouts.
  For more information see: [4mhttps://angular.dev/tools/cli/build#configuring-commonjs-dependencies[0m


[33mΓû▓ [43;33m[[43;30mWARNING[43;33m][0m [1mModule 'dayjs/plugin/weekOfYear' used by 
'node_modules/ngx-daterangepicker-bootstrap/fesm2022/ngx-daterangepicker-bootstrap.mjs' is not ESM[0m

  CommonJS or AMD dependencies can cause optimization bailouts.
  For more information see: [4mhttps://angular.dev/tools/cli/build#configuring-commonjs-dependencies[0m


[33mΓû▓ [43;33m[[43;30mWARNING[43;33m][0m [1mModule 'dayjs/plugin/customParseFormat' used by 
'node_modules/ngx-daterangepicker-bootstrap/fesm2022/ngx-daterangepicker-bootstrap.mjs' is not ESM[0m

  CommonJS or AMD dependencies can cause optimization bailouts.
  For more information see: [4mhttps://angular.dev/tools/cli/build#configuring-commonjs-dependencies[0m


[33mΓû▓ [43;33m[[43;30mWARNING[43;33m][0m [1mModule 'jsvectormap/dist/maps/world.js' used by 
'src/app/pages/dashboards/dashboard-2/components/transactions/transactions.component.ts' is not ESM[0m

  CommonJS or AMD dependencies can cause optimization bailouts.
  For more information see: [4mhttps://angular.dev/tools/cli/build#configuring-commonjs-dependencies[0m


[33mΓû▓ [43;33m[[43;30mWARNING[43;33m][0m [1mModule 'quill-delta' used by 'node_modules/quill/core.js' is not 
ESM[0m

  CommonJS or AMD dependencies can cause optimization bailouts.
  For more information see: [4mhttps://angular.dev/tools/cli/build#configuring-commonjs-dependencies[0m


[33mΓû▓ [43;33m[[43;30mWARNING[43;33m][0m [1mModule 'jsvectormap' used by 
'src/app/components/vector-map.component.ts' is not ESM[0m

  CommonJS or AMD dependencies can cause optimization bailouts.
  For more information see: [4mhttps://angular.dev/tools/cli/build#configuring-commonjs-dependencies[0m

[39m[22m
Output location: C:\Insperion\Seed5\dist\inspinia-ng

